[2023-05-11T14:42:16.414+0900][gc,heap] Heap region size: 1M
[2023-05-11T14:42:16.422+0900][gc     ] Using G1
[2023-05-11T14:42:16.422+0900][gc,heap,coops] Heap address: 0x00000007c0000000, size: 1024 MB, Compressed Oops mode: Zero based, Oop shift amount: 3
[2023-05-11T14:42:17.071+0900][gc,start     ] GC(0) Pause Young (Concurrent Start) (Metadata GC Threshold)
[2023-05-11T14:42:17.071+0900][gc,task      ] GC(0) Using 13 workers of 13 for evacuation
[2023-05-11T14:42:17.078+0900][gc,phases    ] GC(0)   Pre Evacuate Collection Set: 0.0ms
[2023-05-11T14:42:17.078+0900][gc,phases    ] GC(0)   Evacuate Collection Set: 5.8ms
[2023-05-11T14:42:17.078+0900][gc,phases    ] GC(0)   Post Evacuate Collection Set: 0.4ms
[2023-05-11T14:42:17.078+0900][gc,phases    ] GC(0)   Other: 0.9ms
[2023-05-11T14:42:17.078+0900][gc,heap      ] GC(0) Eden regions: 43->0(44)
[2023-05-11T14:42:17.078+0900][gc,heap      ] GC(0) Survivor regions: 0->7(7)
[2023-05-11T14:42:17.078+0900][gc,heap      ] GC(0) Old regions: 0->0
[2023-05-11T14:42:17.078+0900][gc,heap      ] GC(0) Humongous regions: 0->0
[2023-05-11T14:42:17.078+0900][gc,metaspace ] GC(0) Metaspace: 20798K->20798K(1069056K)
[2023-05-11T14:42:17.078+0900][gc           ] GC(0) Pause Young (Concurrent Start) (Metadata GC Threshold) 43M->6M(1024M) 7.342ms
[2023-05-11T14:42:17.078+0900][gc,cpu       ] GC(0) User=0.01s Sys=0.01s Real=0.00s
[2023-05-11T14:42:17.078+0900][gc           ] GC(1) Concurrent Cycle
[2023-05-11T14:42:17.078+0900][gc,marking   ] GC(1) Concurrent Clear Claimed Marks
[2023-05-11T14:42:17.078+0900][gc,marking   ] GC(1) Concurrent Clear Claimed Marks 0.045ms
[2023-05-11T14:42:17.078+0900][gc,marking   ] GC(1) Concurrent Scan Root Regions
[2023-05-11T14:42:17.080+0900][gc,marking   ] GC(1) Concurrent Scan Root Regions 1.904ms
[2023-05-11T14:42:17.080+0900][gc,marking   ] GC(1) Concurrent Mark (0.674s)
[2023-05-11T14:42:17.080+0900][gc,marking   ] GC(1) Concurrent Mark From Roots
[2023-05-11T14:42:17.080+0900][gc,task      ] GC(1) Using 3 workers of 3 for marking
[2023-05-11T14:42:17.080+0900][gc,marking   ] GC(1) Concurrent Mark From Roots 0.266ms
[2023-05-11T14:42:17.080+0900][gc,marking   ] GC(1) Concurrent Preclean
[2023-05-11T14:42:17.081+0900][gc,marking   ] GC(1) Concurrent Preclean 0.060ms
[2023-05-11T14:42:17.081+0900][gc,marking   ] GC(1) Concurrent Mark (0.674s, 0.675s) 0.426ms
[2023-05-11T14:42:17.081+0900][gc,start     ] GC(1) Pause Remark
[2023-05-11T14:42:17.082+0900][gc,stringtable] GC(1) Cleaned string and symbol table, strings: 7178 processed, 0 removed, symbols: 63447 processed, 31 removed
[2023-05-11T14:42:17.082+0900][gc            ] GC(1) Pause Remark 7M->7M(1024M) 1.373ms
[2023-05-11T14:42:17.082+0900][gc,cpu        ] GC(1) User=0.01s Sys=0.00s Real=0.00s
[2023-05-11T14:42:17.082+0900][gc,marking    ] GC(1) Concurrent Rebuild Remembered Sets
[2023-05-11T14:42:17.082+0900][gc,marking    ] GC(1) Concurrent Rebuild Remembered Sets 0.151ms
[2023-05-11T14:42:17.083+0900][gc,start      ] GC(1) Pause Cleanup
[2023-05-11T14:42:17.083+0900][gc            ] GC(1) Pause Cleanup 7M->7M(1024M) 0.264ms
[2023-05-11T14:42:17.083+0900][gc,cpu        ] GC(1) User=0.00s Sys=0.00s Real=0.00s
[2023-05-11T14:42:17.083+0900][gc,marking    ] GC(1) Concurrent Cleanup for Next Mark
[2023-05-11T14:42:17.089+0900][gc,marking    ] GC(1) Concurrent Cleanup for Next Mark 5.375ms
[2023-05-11T14:42:17.089+0900][gc            ] GC(1) Concurrent Cycle 10.666ms
[2023-05-11T14:42:17.931+0900][gc,start      ] GC(2) Pause Young (Normal) (G1 Evacuation Pause)
[2023-05-11T14:42:17.931+0900][gc,task       ] GC(2) Using 13 workers of 13 for evacuation
[2023-05-11T14:42:17.937+0900][gc,phases     ] GC(2)   Pre Evacuate Collection Set: 0.0ms
[2023-05-11T14:42:17.937+0900][gc,phases     ] GC(2)   Evacuate Collection Set: 5.1ms
[2023-05-11T14:42:17.937+0900][gc,phases     ] GC(2)   Post Evacuate Collection Set: 0.4ms
[2023-05-11T14:42:17.937+0900][gc,phases     ] GC(2)   Other: 0.1ms
[2023-05-11T14:42:17.937+0900][gc,heap       ] GC(2) Eden regions: 44->0(49)
[2023-05-11T14:42:17.937+0900][gc,heap       ] GC(2) Survivor regions: 7->2(7)
[2023-05-11T14:42:17.937+0900][gc,heap       ] GC(2) Old regions: 0->7
[2023-05-11T14:42:17.937+0900][gc,heap       ] GC(2) Humongous regions: 0->0
[2023-05-11T14:42:17.937+0900][gc,metaspace  ] GC(2) Metaspace: 30508K->30508K(1077248K)
[2023-05-11T14:42:17.937+0900][gc            ] GC(2) Pause Young (Normal) (G1 Evacuation Pause) 50M->8M(1024M) 5.849ms
[2023-05-11T14:42:17.937+0900][gc,cpu        ] GC(2) User=0.05s Sys=0.02s Real=0.00s
[2023-05-11T14:42:18.351+0900][gc,start      ] GC(3) Pause Young (Concurrent Start) (Metadata GC Threshold)
[2023-05-11T14:42:18.351+0900][gc,task       ] GC(3) Using 13 workers of 13 for evacuation
[2023-05-11T14:42:18.354+0900][gc,phases     ] GC(3)   Pre Evacuate Collection Set: 0.1ms
[2023-05-11T14:42:18.354+0900][gc,phases     ] GC(3)   Evacuate Collection Set: 1.7ms
[2023-05-11T14:42:18.354+0900][gc,phases     ] GC(3)   Post Evacuate Collection Set: 0.3ms
[2023-05-11T14:42:18.354+0900][gc,phases     ] GC(3)   Other: 0.3ms
[2023-05-11T14:42:18.354+0900][gc,heap       ] GC(3) Eden regions: 24->0(47)
[2023-05-11T14:42:18.354+0900][gc,heap       ] GC(3) Survivor regions: 2->4(7)
[2023-05-11T14:42:18.354+0900][gc,heap       ] GC(3) Old regions: 7->7
[2023-05-11T14:42:18.354+0900][gc,heap       ] GC(3) Humongous regions: 129->129
[2023-05-11T14:42:18.354+0900][gc,metaspace  ] GC(3) Metaspace: 34835K->34835K(1081344K)
[2023-05-11T14:42:18.354+0900][gc            ] GC(3) Pause Young (Concurrent Start) (Metadata GC Threshold) 161M->138M(1024M) 2.433ms
[2023-05-11T14:42:18.354+0900][gc,cpu        ] GC(3) User=0.01s Sys=0.00s Real=0.00s
[2023-05-11T14:42:18.354+0900][gc            ] GC(4) Concurrent Cycle
[2023-05-11T14:42:18.354+0900][gc,marking    ] GC(4) Concurrent Clear Claimed Marks
[2023-05-11T14:42:18.354+0900][gc,marking    ] GC(4) Concurrent Clear Claimed Marks 0.012ms
[2023-05-11T14:42:18.354+0900][gc,marking    ] GC(4) Concurrent Scan Root Regions
[2023-05-11T14:42:18.355+0900][gc,marking    ] GC(4) Concurrent Scan Root Regions 0.796ms
[2023-05-11T14:42:18.355+0900][gc,marking    ] GC(4) Concurrent Mark (1.949s)
[2023-05-11T14:42:18.355+0900][gc,marking    ] GC(4) Concurrent Mark From Roots
[2023-05-11T14:42:18.355+0900][gc,task       ] GC(4) Using 3 workers of 3 for marking
[2023-05-11T14:42:18.357+0900][gc,marking    ] GC(4) Concurrent Mark From Roots 2.454ms
[2023-05-11T14:42:18.357+0900][gc,marking    ] GC(4) Concurrent Preclean
[2023-05-11T14:42:18.357+0900][gc,marking    ] GC(4) Concurrent Preclean 0.042ms
[2023-05-11T14:42:18.357+0900][gc,marking    ] GC(4) Concurrent Mark (1.949s, 1.951s) 2.533ms
[2023-05-11T14:42:18.357+0900][gc,start      ] GC(4) Pause Remark
[2023-05-11T14:42:18.359+0900][gc,stringtable] GC(4) Cleaned string and symbol table, strings: 10927 processed, 9 removed, symbols: 94783 processed, 22 removed
[2023-05-11T14:42:18.359+0900][gc            ] GC(4) Pause Remark 139M->139M(1024M) 1.658ms
[2023-05-11T14:42:18.359+0900][gc,cpu        ] GC(4) User=0.01s Sys=0.00s Real=0.00s
[2023-05-11T14:42:18.359+0900][gc,marking    ] GC(4) Concurrent Rebuild Remembered Sets
[2023-05-11T14:42:18.361+0900][gc,marking    ] GC(4) Concurrent Rebuild Remembered Sets 2.193ms
[2023-05-11T14:42:18.361+0900][gc,start      ] GC(4) Pause Cleanup
[2023-05-11T14:42:18.362+0900][gc            ] GC(4) Pause Cleanup 139M->139M(1024M) 0.153ms
[2023-05-11T14:42:18.362+0900][gc,cpu        ] GC(4) User=0.00s Sys=0.00s Real=0.00s
[2023-05-11T14:42:18.362+0900][gc,marking    ] GC(4) Concurrent Cleanup for Next Mark
[2023-05-11T14:42:18.365+0900][gc,marking    ] GC(4) Concurrent Cleanup for Next Mark 3.325ms
[2023-05-11T14:42:18.365+0900][gc            ] GC(4) Concurrent Cycle 11.215ms
[2023-05-11T14:42:18.775+0900][gc,start      ] GC(5) Pause Young (Normal) (G1 Evacuation Pause)
[2023-05-11T14:42:18.775+0900][gc,task       ] GC(5) Using 13 workers of 13 for evacuation
[2023-05-11T14:42:18.778+0900][gc,phases     ] GC(5)   Pre Evacuate Collection Set: 0.0ms
[2023-05-11T14:42:18.778+0900][gc,phases     ] GC(5)   Evacuate Collection Set: 3.0ms
[2023-05-11T14:42:18.778+0900][gc,phases     ] GC(5)   Post Evacuate Collection Set: 0.3ms
[2023-05-11T14:42:18.778+0900][gc,phases     ] GC(5)   Other: 0.2ms
[2023-05-11T14:42:18.778+0900][gc,heap       ] GC(5) Eden regions: 47->0(44)
[2023-05-11T14:42:18.778+0900][gc,heap       ] GC(5) Survivor regions: 4->7(7)
[2023-05-11T14:42:18.778+0900][gc,heap       ] GC(5) Old regions: 7->7
[2023-05-11T14:42:18.778+0900][gc,heap       ] GC(5) Humongous regions: 129->129
[2023-05-11T14:42:18.778+0900][gc,metaspace  ] GC(5) Metaspace: 43471K->43471K(1089536K)
[2023-05-11T14:42:18.778+0900][gc            ] GC(5) Pause Young (Normal) (G1 Evacuation Pause) 185M->142M(1024M) 3.606ms
[2023-05-11T14:42:18.779+0900][gc,cpu        ] GC(5) User=0.04s Sys=0.00s Real=0.00s
[2023-05-11T14:46:32.087+0900][gc,start      ] GC(6) Pause Young (Normal) (G1 Evacuation Pause)
[2023-05-11T14:46:32.087+0900][gc,task       ] GC(6) Using 13 workers of 13 for evacuation
[2023-05-11T14:46:32.094+0900][gc,phases     ] GC(6)   Pre Evacuate Collection Set: 0.0ms
[2023-05-11T14:46:32.094+0900][gc,phases     ] GC(6)   Evacuate Collection Set: 6.2ms
[2023-05-11T14:46:32.094+0900][gc,phases     ] GC(6)   Post Evacuate Collection Set: 0.6ms
[2023-05-11T14:46:32.094+0900][gc,phases     ] GC(6)   Other: 0.3ms
[2023-05-11T14:46:32.094+0900][gc,heap       ] GC(6) Eden regions: 44->0(47)
[2023-05-11T14:46:32.094+0900][gc,heap       ] GC(6) Survivor regions: 7->4(7)
[2023-05-11T14:46:32.094+0900][gc,heap       ] GC(6) Old regions: 7->14
[2023-05-11T14:46:32.095+0900][gc,heap       ] GC(6) Humongous regions: 135->129
[2023-05-11T14:46:32.095+0900][gc,metaspace  ] GC(6) Metaspace: 49541K->49541K(1093632K)
[2023-05-11T14:46:32.095+0900][gc            ] GC(6) Pause Young (Normal) (G1 Evacuation Pause) 192M->145M(1024M) 7.203ms
[2023-05-11T14:46:32.095+0900][gc,cpu        ] GC(6) User=0.06s Sys=0.01s Real=0.01s
[2023-05-11T14:51:00.247+0900][gc,heap,exit  ] Heap
[2023-05-11T14:51:00.247+0900][gc,heap,exit  ]  garbage-first heap   total 1048576K, used 173472K [0x00000007c0000000, 0x0000000800000000)
[2023-05-11T14:51:00.247+0900][gc,heap,exit  ]   region size 1024K, 29 young (29696K), 4 survivors (4096K)
[2023-05-11T14:51:00.247+0900][gc,heap,exit  ]  Metaspace       used 50487K, capacity 53213K, committed 53328K, reserved 1095680K
[2023-05-11T14:51:00.247+0900][gc,heap,exit  ]   class space    used 6267K, capacity 7577K, committed 7628K, reserved 1048576K
