[2023-05-11T14:12:48.214+0900][gc,heap] Heap region size: 1M
[2023-05-11T14:12:48.222+0900][gc     ] Using G1
[2023-05-11T14:12:48.222+0900][gc,heap,coops] Heap address: 0x00000007c0000000, size: 1024 MB, Compressed Oops mode: Zero based, Oop shift amount: 3
[2023-05-11T14:12:48.898+0900][gc,start     ] GC(0) Pause Young (Concurrent Start) (Metadata GC Threshold)
[2023-05-11T14:12:48.899+0900][gc,task      ] GC(0) Using 13 workers of 13 for evacuation
[2023-05-11T14:12:48.907+0900][gc,phases    ] GC(0)   Pre Evacuate Collection Set: 0.0ms
[2023-05-11T14:12:48.907+0900][gc,phases    ] GC(0)   Evacuate Collection Set: 6.5ms
[2023-05-11T14:12:48.907+0900][gc,phases    ] GC(0)   Post Evacuate Collection Set: 0.6ms
[2023-05-11T14:12:48.907+0900][gc,phases    ] GC(0)   Other: 1.9ms
[2023-05-11T14:12:48.907+0900][gc,heap      ] GC(0) Eden regions: 42->0(44)
[2023-05-11T14:12:48.907+0900][gc,heap      ] GC(0) Survivor regions: 0->7(7)
[2023-05-11T14:12:48.907+0900][gc,heap      ] GC(0) Old regions: 0->1
[2023-05-11T14:12:48.907+0900][gc,heap      ] GC(0) Humongous regions: 0->0
[2023-05-11T14:12:48.907+0900][gc,metaspace ] GC(0) Metaspace: 20703K->20703K(1069056K)
[2023-05-11T14:12:48.907+0900][gc           ] GC(0) Pause Young (Concurrent Start) (Metadata GC Threshold) 42M->7M(1024M) 9.106ms
[2023-05-11T14:12:48.907+0900][gc,cpu       ] GC(0) User=0.02s Sys=0.01s Real=0.01s
[2023-05-11T14:12:48.907+0900][gc           ] GC(1) Concurrent Cycle
[2023-05-11T14:12:48.907+0900][gc,marking   ] GC(1) Concurrent Clear Claimed Marks
[2023-05-11T14:12:48.907+0900][gc,marking   ] GC(1) Concurrent Clear Claimed Marks 0.014ms
[2023-05-11T14:12:48.907+0900][gc,marking   ] GC(1) Concurrent Scan Root Regions
[2023-05-11T14:12:48.909+0900][gc,marking   ] GC(1) Concurrent Scan Root Regions 1.935ms
[2023-05-11T14:12:48.909+0900][gc,marking   ] GC(1) Concurrent Mark (0.704s)
[2023-05-11T14:12:48.909+0900][gc,marking   ] GC(1) Concurrent Mark From Roots
[2023-05-11T14:12:48.909+0900][gc,task      ] GC(1) Using 3 workers of 3 for marking
[2023-05-11T14:12:48.909+0900][gc,marking   ] GC(1) Concurrent Mark From Roots 0.256ms
[2023-05-11T14:12:48.910+0900][gc,marking   ] GC(1) Concurrent Preclean
[2023-05-11T14:12:48.910+0900][gc,marking   ] GC(1) Concurrent Preclean 0.054ms
[2023-05-11T14:12:48.910+0900][gc,marking   ] GC(1) Concurrent Mark (0.704s, 0.705s) 0.388ms
[2023-05-11T14:12:48.910+0900][gc,start     ] GC(1) Pause Remark
[2023-05-11T14:12:48.911+0900][gc,stringtable] GC(1) Cleaned string and symbol table, strings: 7159 processed, 0 removed, symbols: 63414 processed, 31 removed
[2023-05-11T14:12:48.911+0900][gc            ] GC(1) Pause Remark 7M->7M(1024M) 1.634ms
[2023-05-11T14:12:48.911+0900][gc,cpu        ] GC(1) User=0.01s Sys=0.00s Real=0.00s
[2023-05-11T14:12:48.912+0900][gc,marking    ] GC(1) Concurrent Rebuild Remembered Sets
[2023-05-11T14:12:48.912+0900][gc,marking    ] GC(1) Concurrent Rebuild Remembered Sets 0.256ms
[2023-05-11T14:12:48.912+0900][gc,start      ] GC(1) Pause Cleanup
[2023-05-11T14:12:48.912+0900][gc            ] GC(1) Pause Cleanup 7M->7M(1024M) 0.193ms
[2023-05-11T14:12:48.912+0900][gc,cpu        ] GC(1) User=0.00s Sys=0.00s Real=0.00s
[2023-05-11T14:12:48.912+0900][gc,marking    ] GC(1) Concurrent Cleanup for Next Mark
[2023-05-11T14:12:48.916+0900][gc,marking    ] GC(1) Concurrent Cleanup for Next Mark 3.795ms
[2023-05-11T14:12:48.916+0900][gc            ] GC(1) Concurrent Cycle 9.008ms
[2023-05-11T14:12:49.973+0900][gc,start      ] GC(2) Pause Young (Normal) (G1 Evacuation Pause)
[2023-05-11T14:12:49.973+0900][gc,task       ] GC(2) Using 13 workers of 13 for evacuation
[2023-05-11T14:12:49.979+0900][gc,phases     ] GC(2)   Pre Evacuate Collection Set: 0.0ms
[2023-05-11T14:12:49.979+0900][gc,phases     ] GC(2)   Evacuate Collection Set: 5.0ms
[2023-05-11T14:12:49.979+0900][gc,phases     ] GC(2)   Post Evacuate Collection Set: 0.4ms
[2023-05-11T14:12:49.979+0900][gc,phases     ] GC(2)   Other: 0.1ms
[2023-05-11T14:12:49.979+0900][gc,heap       ] GC(2) Eden regions: 44->0(48)
[2023-05-11T14:12:49.979+0900][gc,heap       ] GC(2) Survivor regions: 7->3(7)
[2023-05-11T14:12:49.979+0900][gc,heap       ] GC(2) Old regions: 1->7
[2023-05-11T14:12:49.979+0900][gc,heap       ] GC(2) Humongous regions: 129->129
[2023-05-11T14:12:49.979+0900][gc,metaspace  ] GC(2) Metaspace: 30617K->30617K(1077248K)
[2023-05-11T14:12:49.979+0900][gc            ] GC(2) Pause Young (Normal) (G1 Evacuation Pause) 180M->137M(1024M) 5.579ms
[2023-05-11T14:12:49.979+0900][gc,cpu        ] GC(2) User=0.04s Sys=0.02s Real=0.00s
[2023-05-11T14:12:50.190+0900][gc,start      ] GC(3) Pause Young (Concurrent Start) (Metadata GC Threshold)
[2023-05-11T14:12:50.190+0900][gc,task       ] GC(3) Using 13 workers of 13 for evacuation
[2023-05-11T14:12:50.193+0900][gc,phases     ] GC(3)   Pre Evacuate Collection Set: 0.0ms
[2023-05-11T14:12:50.193+0900][gc,phases     ] GC(3)   Evacuate Collection Set: 2.0ms
[2023-05-11T14:12:50.193+0900][gc,phases     ] GC(3)   Post Evacuate Collection Set: 0.3ms
[2023-05-11T14:12:50.193+0900][gc,phases     ] GC(3)   Other: 0.2ms
[2023-05-11T14:12:50.193+0900][gc,heap       ] GC(3) Eden regions: 23->0(47)
[2023-05-11T14:12:50.193+0900][gc,heap       ] GC(3) Survivor regions: 3->4(7)
[2023-05-11T14:12:50.193+0900][gc,heap       ] GC(3) Old regions: 7->7
[2023-05-11T14:12:50.193+0900][gc,heap       ] GC(3) Humongous regions: 129->129
[2023-05-11T14:12:50.193+0900][gc,metaspace  ] GC(3) Metaspace: 34735K->34735K(1081344K)
[2023-05-11T14:12:50.193+0900][gc            ] GC(3) Pause Young (Concurrent Start) (Metadata GC Threshold) 160M->139M(1024M) 2.607ms
[2023-05-11T14:12:50.193+0900][gc,cpu        ] GC(3) User=0.03s Sys=0.00s Real=0.00s
[2023-05-11T14:12:50.193+0900][gc            ] GC(4) Concurrent Cycle
[2023-05-11T14:12:50.193+0900][gc,marking    ] GC(4) Concurrent Clear Claimed Marks
[2023-05-11T14:12:50.193+0900][gc,marking    ] GC(4) Concurrent Clear Claimed Marks 0.039ms
[2023-05-11T14:12:50.193+0900][gc,marking    ] GC(4) Concurrent Scan Root Regions
[2023-05-11T14:12:50.194+0900][gc,marking    ] GC(4) Concurrent Scan Root Regions 1.253ms
[2023-05-11T14:12:50.194+0900][gc,marking    ] GC(4) Concurrent Mark (1.989s)
[2023-05-11T14:12:50.194+0900][gc,marking    ] GC(4) Concurrent Mark From Roots
[2023-05-11T14:12:50.194+0900][gc,task       ] GC(4) Using 3 workers of 3 for marking
[2023-05-11T14:12:50.197+0900][gc,marking    ] GC(4) Concurrent Mark From Roots 3.067ms
[2023-05-11T14:12:50.197+0900][gc,marking    ] GC(4) Concurrent Preclean
[2023-05-11T14:12:50.197+0900][gc,marking    ] GC(4) Concurrent Preclean 0.041ms
[2023-05-11T14:12:50.197+0900][gc,marking    ] GC(4) Concurrent Mark (1.989s, 1.993s) 3.152ms
[2023-05-11T14:12:50.198+0900][gc,start      ] GC(4) Pause Remark
[2023-05-11T14:12:50.200+0900][gc,stringtable] GC(4) Cleaned string and symbol table, strings: 11689 processed, 9 removed, symbols: 94059 processed, 30 removed
[2023-05-11T14:12:50.200+0900][gc            ] GC(4) Pause Remark 139M->139M(1024M) 2.250ms
[2023-05-11T14:12:50.200+0900][gc,cpu        ] GC(4) User=0.01s Sys=0.00s Real=0.01s
[2023-05-11T14:12:50.200+0900][gc,marking    ] GC(4) Concurrent Rebuild Remembered Sets
[2023-05-11T14:12:50.203+0900][gc,marking    ] GC(4) Concurrent Rebuild Remembered Sets 2.581ms
[2023-05-11T14:12:50.203+0900][gc,start      ] GC(4) Pause Cleanup
[2023-05-11T14:12:50.203+0900][gc            ] GC(4) Pause Cleanup 139M->139M(1024M) 0.175ms
[2023-05-11T14:12:50.203+0900][gc,cpu        ] GC(4) User=0.01s Sys=0.00s Real=0.00s
[2023-05-11T14:12:50.204+0900][gc,marking    ] GC(4) Concurrent Cleanup for Next Mark
[2023-05-11T14:12:50.208+0900][gc,marking    ] GC(4) Concurrent Cleanup for Next Mark 4.129ms
[2023-05-11T14:12:50.208+0900][gc            ] GC(4) Concurrent Cycle 14.731ms
[2023-05-11T14:25:32.773+0900][gc,start      ] GC(5) Pause Young (Normal) (G1 Evacuation Pause)
[2023-05-11T14:25:32.773+0900][gc,task       ] GC(5) Using 13 workers of 13 for evacuation
[2023-05-11T14:25:32.776+0900][gc,phases     ] GC(5)   Pre Evacuate Collection Set: 0.0ms
[2023-05-11T14:25:32.776+0900][gc,phases     ] GC(5)   Evacuate Collection Set: 2.7ms
[2023-05-11T14:25:32.776+0900][gc,phases     ] GC(5)   Post Evacuate Collection Set: 0.4ms
[2023-05-11T14:25:32.776+0900][gc,phases     ] GC(5)   Other: 0.2ms
[2023-05-11T14:25:32.776+0900][gc,heap       ] GC(5) Eden regions: 47->0(46)
[2023-05-11T14:25:32.776+0900][gc,heap       ] GC(5) Survivor regions: 4->5(7)
[2023-05-11T14:25:32.776+0900][gc,heap       ] GC(5) Old regions: 7->9
[2023-05-11T14:25:32.776+0900][gc,heap       ] GC(5) Humongous regions: 129->129
[2023-05-11T14:25:32.776+0900][gc,metaspace  ] GC(5) Metaspace: 43570K->43570K(1089536K)
[2023-05-11T14:25:32.777+0900][gc            ] GC(5) Pause Young (Normal) (G1 Evacuation Pause) 186M->142M(1024M) 3.417ms
[2023-05-11T14:25:32.777+0900][gc,cpu        ] GC(5) User=0.04s Sys=0.00s Real=0.00s
[2023-05-11T14:28:02.920+0900][gc,start      ] GC(6) Pause Young (Normal) (G1 Evacuation Pause)
[2023-05-11T14:28:02.920+0900][gc,task       ] GC(6) Using 13 workers of 13 for evacuation
[2023-05-11T14:28:02.926+0900][gc,phases     ] GC(6)   Pre Evacuate Collection Set: 0.0ms
[2023-05-11T14:28:02.926+0900][gc,phases     ] GC(6)   Evacuate Collection Set: 4.5ms
[2023-05-11T14:28:02.926+0900][gc,phases     ] GC(6)   Post Evacuate Collection Set: 0.6ms
[2023-05-11T14:28:02.926+0900][gc,phases     ] GC(6)   Other: 0.4ms
[2023-05-11T14:28:02.926+0900][gc,heap       ] GC(6) Eden regions: 46->0(45)
[2023-05-11T14:28:02.926+0900][gc,heap       ] GC(6) Survivor regions: 5->6(7)
[2023-05-11T14:28:02.926+0900][gc,heap       ] GC(6) Old regions: 9->11
[2023-05-11T14:28:02.926+0900][gc,heap       ] GC(6) Humongous regions: 129->129
[2023-05-11T14:28:02.926+0900][gc,metaspace  ] GC(6) Metaspace: 49550K->49550K(1093632K)
[2023-05-11T14:28:02.926+0900][gc            ] GC(6) Pause Young (Normal) (G1 Evacuation Pause) 188M->145M(1024M) 5.624ms
[2023-05-11T14:28:02.926+0900][gc,cpu        ] GC(6) User=0.06s Sys=0.01s Real=0.00s
[2023-05-11T14:41:22.272+0900][gc,start      ] GC(7) Pause Young (Normal) (G1 Evacuation Pause)
[2023-05-11T14:41:22.272+0900][gc,task       ] GC(7) Using 13 workers of 13 for evacuation
[2023-05-11T14:41:22.277+0900][gc,phases     ] GC(7)   Pre Evacuate Collection Set: 0.0ms
[2023-05-11T14:41:22.277+0900][gc,phases     ] GC(7)   Evacuate Collection Set: 3.9ms
[2023-05-11T14:41:22.277+0900][gc,phases     ] GC(7)   Post Evacuate Collection Set: 0.5ms
[2023-05-11T14:41:22.277+0900][gc,phases     ] GC(7)   Other: 0.2ms
[2023-05-11T14:41:22.277+0900][gc,heap       ] GC(7) Eden regions: 45->0(45)
[2023-05-11T14:41:22.277+0900][gc,heap       ] GC(7) Survivor regions: 6->6(7)
[2023-05-11T14:41:22.277+0900][gc,heap       ] GC(7) Old regions: 11->14
[2023-05-11T14:41:22.277+0900][gc,heap       ] GC(7) Humongous regions: 129->129
[2023-05-11T14:41:22.277+0900][gc,metaspace  ] GC(7) Metaspace: 50300K->50300K(1095680K)
[2023-05-11T14:41:22.277+0900][gc            ] GC(7) Pause Young (Normal) (G1 Evacuation Pause) 190M->147M(1024M) 4.854ms
[2023-05-11T14:41:22.277+0900][gc,cpu        ] GC(7) User=0.04s Sys=0.01s Real=0.00s
[2023-05-11T14:41:28.309+0900][gc,heap,exit  ] Heap
[2023-05-11T14:41:28.309+0900][gc,heap,exit  ]  garbage-first heap   total 1048576K, used 160201K [0x00000007c0000000, 0x0000000800000000)
[2023-05-11T14:41:28.309+0900][gc,heap,exit  ]   region size 1024K, 17 young (17408K), 6 survivors (6144K)
[2023-05-11T14:41:28.309+0900][gc,heap,exit  ]  Metaspace       used 51132K, capacity 54014K, committed 54140K, reserved 1095680K
[2023-05-11T14:41:28.309+0900][gc,heap,exit  ]   class space    used 6432K, capacity 7825K, committed 7884K, reserved 1048576K
