[2023-05-11T14:41:53.742+0900][gc,heap] Heap region size: 1M
[2023-05-11T14:41:53.750+0900][gc     ] Using G1
[2023-05-11T14:41:53.750+0900][gc,heap,coops] Heap address: 0x00000007c0000000, size: 1024 MB, Compressed Oops mode: Zero based, Oop shift amount: 3
[2023-05-11T14:41:54.397+0900][gc,start     ] GC(0) Pause Young (Concurrent Start) (Metadata GC Threshold)
[2023-05-11T14:41:54.398+0900][gc,task      ] GC(0) Using 13 workers of 13 for evacuation
[2023-05-11T14:41:54.404+0900][gc,phases    ] GC(0)   Pre Evacuate Collection Set: 0.0ms
[2023-05-11T14:41:54.405+0900][gc,phases    ] GC(0)   Evacuate Collection Set: 6.0ms
[2023-05-11T14:41:54.405+0900][gc,phases    ] GC(0)   Post Evacuate Collection Set: 0.5ms
[2023-05-11T14:41:54.405+0900][gc,phases    ] GC(0)   Other: 1.3ms
[2023-05-11T14:41:54.405+0900][gc,heap      ] GC(0) Eden regions: 44->0(44)
[2023-05-11T14:41:54.405+0900][gc,heap      ] GC(0) Survivor regions: 0->7(7)
[2023-05-11T14:41:54.405+0900][gc,heap      ] GC(0) Old regions: 0->0
[2023-05-11T14:41:54.405+0900][gc,heap      ] GC(0) Humongous regions: 0->0
[2023-05-11T14:41:54.405+0900][gc,metaspace ] GC(0) Metaspace: 20813K->20813K(1069056K)
[2023-05-11T14:41:54.405+0900][gc           ] GC(0) Pause Young (Concurrent Start) (Metadata GC Threshold) 43M->6M(1024M) 7.958ms
[2023-05-11T14:41:54.405+0900][gc,cpu       ] GC(0) User=0.01s Sys=0.01s Real=0.01s
[2023-05-11T14:41:54.405+0900][gc           ] GC(1) Concurrent Cycle
[2023-05-11T14:41:54.405+0900][gc,marking   ] GC(1) Concurrent Clear Claimed Marks
[2023-05-11T14:41:54.405+0900][gc,marking   ] GC(1) Concurrent Clear Claimed Marks 0.012ms
[2023-05-11T14:41:54.405+0900][gc,marking   ] GC(1) Concurrent Scan Root Regions
[2023-05-11T14:41:54.406+0900][gc,marking   ] GC(1) Concurrent Scan Root Regions 1.722ms
[2023-05-11T14:41:54.407+0900][gc,marking   ] GC(1) Concurrent Mark (0.674s)
[2023-05-11T14:41:54.407+0900][gc,marking   ] GC(1) Concurrent Mark From Roots
[2023-05-11T14:41:54.407+0900][gc,task      ] GC(1) Using 3 workers of 3 for marking
[2023-05-11T14:41:54.407+0900][gc,marking   ] GC(1) Concurrent Mark From Roots 0.276ms
[2023-05-11T14:41:54.407+0900][gc,marking   ] GC(1) Concurrent Preclean
[2023-05-11T14:41:54.407+0900][gc,marking   ] GC(1) Concurrent Preclean 0.047ms
[2023-05-11T14:41:54.407+0900][gc,marking   ] GC(1) Concurrent Mark (0.674s, 0.674s) 0.393ms
[2023-05-11T14:41:54.407+0900][gc,start     ] GC(1) Pause Remark
[2023-05-11T14:41:54.408+0900][gc,stringtable] GC(1) Cleaned string and symbol table, strings: 7178 processed, 0 removed, symbols: 63450 processed, 31 removed
[2023-05-11T14:41:54.409+0900][gc            ] GC(1) Pause Remark 7M->7M(1024M) 1.497ms
[2023-05-11T14:41:54.409+0900][gc,cpu        ] GC(1) User=0.01s Sys=0.00s Real=0.00s
[2023-05-11T14:41:54.409+0900][gc,marking    ] GC(1) Concurrent Rebuild Remembered Sets
[2023-05-11T14:41:54.409+0900][gc,marking    ] GC(1) Concurrent Rebuild Remembered Sets 0.101ms
[2023-05-11T14:41:54.409+0900][gc,start      ] GC(1) Pause Cleanup
[2023-05-11T14:41:54.409+0900][gc            ] GC(1) Pause Cleanup 7M->7M(1024M) 0.187ms
[2023-05-11T14:41:54.409+0900][gc,cpu        ] GC(1) User=0.00s Sys=0.00s Real=0.00s
[2023-05-11T14:41:54.409+0900][gc,marking    ] GC(1) Concurrent Cleanup for Next Mark
[2023-05-11T14:41:54.413+0900][gc,marking    ] GC(1) Concurrent Cleanup for Next Mark 4.309ms
[2023-05-11T14:41:54.414+0900][gc            ] GC(1) Concurrent Cycle 8.955ms
[2023-05-11T14:41:54.589+0900][gc,heap,exit  ] Heap
[2023-05-11T14:41:54.590+0900][gc,heap,exit  ]  garbage-first heap   total 1048576K, used 19042K [0x00000007c0000000, 0x0000000800000000)
[2023-05-11T14:41:54.590+0900][gc,heap,exit  ]   region size 1024K, 20 young (20480K), 7 survivors (7168K)
[2023-05-11T14:41:54.590+0900][gc,heap,exit  ]  Metaspace       used 23034K, capacity 23544K, committed 23856K, reserved 1071104K
[2023-05-11T14:41:54.590+0900][gc,heap,exit  ]   class space    used 2635K, capacity 2871K, committed 2944K, reserved 1048576K
