[2023-05-11T14:41:41.558+0900][gc,heap] Heap region size: 1M
[2023-05-11T14:41:41.562+0900][gc     ] Using G1
[2023-05-11T14:41:41.562+0900][gc,heap,coops] Heap address: 0x00000007e0000000, size: 512 MB, Compressed Oops mode: Zero based, Oop shift amount: 3
[2023-05-11T14:41:45.311+0900][gc,start     ] GC(0) Pause Young (Normal) (G1 Evacuation Pause)
[2023-05-11T14:41:45.312+0900][gc,task      ] GC(0) Using 12 workers of 13 for evacuation
[2023-05-11T14:41:45.316+0900][gc,phases    ] GC(0)   Pre Evacuate Collection Set: 0.0ms
[2023-05-11T14:41:45.316+0900][gc,phases    ] GC(0)   Evacuate Collection Set: 3.8ms
[2023-05-11T14:41:45.316+0900][gc,phases    ] GC(0)   Post Evacuate Collection Set: 0.3ms
[2023-05-11T14:41:45.316+0900][gc,phases    ] GC(0)   Other: 0.5ms
[2023-05-11T14:41:45.316+0900][gc,heap      ] GC(0) Eden regions: 25->0(21)
[2023-05-11T14:41:45.316+0900][gc,heap      ] GC(0) Survivor regions: 0->4(4)
[2023-05-11T14:41:45.316+0900][gc,heap      ] GC(0) Old regions: 0->2
[2023-05-11T14:41:45.316+0900][gc,heap      ] GC(0) Humongous regions: 0->0
[2023-05-11T14:41:45.316+0900][gc,metaspace ] GC(0) Metaspace: 15273K->15273K(1062912K)
[2023-05-11T14:41:45.316+0900][gc           ] GC(0) Pause Young (Normal) (G1 Evacuation Pause) 25M->5M(512M) 4.786ms
[2023-05-11T14:41:45.316+0900][gc,cpu       ] GC(0) User=0.03s Sys=0.01s Real=0.00s
[2023-05-11T14:50:55.605+0900][gc,heap,exit ] Heap
[2023-05-11T14:50:55.605+0900][gc,heap,exit ]  garbage-first heap   total 524288K, used 13161K [0x00000007e0000000, 0x0000000800000000)
[2023-05-11T14:50:55.605+0900][gc,heap,exit ]   region size 1024K, 12 young (12288K), 4 survivors (4096K)
[2023-05-11T14:50:55.605+0900][gc,heap,exit ]  Metaspace       used 15937K, capacity 16282K, committed 16640K, reserved 1064960K
[2023-05-11T14:50:55.605+0900][gc,heap,exit ]   class space    used 1557K, capacity 1678K, committed 1792K, reserved 1048576K
